// Jest Snapshot v1, https://goo.gl/fbAQLP

exports[`Body smoke test 1`] = `ShallowWrapper {}`;
