// Jest Snapshot v1, https://goo.gl/fbAQLP

exports[`DateTimePicker smoke test 1`] = `ShallowWrapper {}`;
