// Jest Snapshot v1, https://goo.gl/fbAQLP

exports[`Logo smoke test 1`] = `ShallowWrapper {}`;
